--- bolak-balik JSON --- 
benar 
benar 
benar 
benar 
benar 
benar 
benar 
true 
false 
null 
[true,false,null,1,"s"] 
5 
benar 
salah 
kosong 
1 
s 
benar 
{"nama":"papan","cacah":3,"isiKosong":null,"mati":false,"hidup":true} 
benar 
salah 
kosong 
3 
papan 
salah 
{"hidup":true,"mati":false,"isiKosong":null,"cacah":3,"nama":"papan"} 
benar 
{"batas":null,"daftar":[{"on":true},{"on":false}]} 
2 
benar 
salah 
kosong 
salah 
{"daftar":[{"on":true},{"on":false}],"batas":null} 
boolean 
kosong 
angka 
huruf 
[keluar=0]
