--- JSON.parse teks luar --- 
benar 
salah 
kosong 
boolean 
boolean 
kosong 
halo 
42 
-7 
3.500000 
0 
benar 
kosong 
boolean 
kosong 
benar 
benar 
{"n":null,"ok":true} 
benar 
kosong 
200 
OK 
salah 
27 
2 
b 
3 
benar 
salah 
kosong 
cabang benar diambil 
5 
benar 
salah 
kosong 
1 
s 
[true,false,null,1,"s"] 
kosong 
benar 
{"a":{"b":{"d":true,"c":null}}} 
benar 
kosong 
[keluar=0]
